<testsuites id="" name="" tests="3" failures="0" skipped="0" errors="0" time="23.664187">
<testsuite name="SuperAdminTest\TourTest.spec.js" timestamp="2025-11-10T09:38:23.849Z" hostname="chromium" tests="3" failures="0" skipped="0" time="14.145" errors="0">
<testcase name="TS_006 › TC001 - Navigate to the Tour Module" classname="SuperAdminTest\TourTest.spec.js" time="3.129">
</testcase>
<testcase name="TS_006 › TC010 - Add a new Round Tour with valid data." classname="SuperAdminTest\TourTest.spec.js" time="4.782">
</testcase>
<testcase name="TS_006 › TC011 - Update the disposal tour with valid data." classname="SuperAdminTest\TourTest.spec.js" time="6.234">
</testcase>
</testsuite>
</testsuites>